
    1 : <BetaForm> ::= <DescriptorForm:1> 
    2 : <DescriptorForm> ::= <ObjectDescriptor:1> 
    3 : <AttributesForm> ::= <Attributes:1> 
    4 : <ObjectDescriptor> ::= [c <PrefixOpt:1> $1,2 <MainPart:2> ] 
    5 : <MainPart> ::= <LongMainPart:1> 
    6 : <LongMainPart> ::= [c "(#" $1,0 * $1,2 <Attributes:1> $1,2 <ActionPart:2> $1,0 "#)" ] 
    7 : <ShortMainPart> ::= [c "{" $1,0 * $1,2 <Attributes:1> $1,2 <ActionPart:2> $1,0 "}" ] 
    8 : <Attributes> ::= <AttributeDeclOpt> {c ";" $1,0 } 
    9 : <PrefixOpt> ::= <Prefix:1> 
   10 : <Prefix> ::= <SimplePrefix:1> 
   11 : <SimplePrefix> ::= <AttributeDenotation:1> 
   12 : <CompositePrefix> ::= [c "(" $1,0 * $1,0 "&" $1,2 <Merge:1> $1,0 "&" $1,0 ")" ] 
   13 : <AttributeDeclOpt> ::= <AttributeDecl:1> 
   14 : <AttributeDecl> ::= <PatternDecl:1> 
   15 : <PatternDecl> ::= [c <Names:1> $1,0 ":" $1,0 * $1,2 <Merge:2> ] 
   16 : <SimpleDecl> ::= [c <Names:1> $1,0 ":" $1,0 * $1,2 <ReferenceSpecification:2> ] 
   17 : <RepetitionDecl> ::= [c <Names:1> $1,0 ":" $1,0 * $1,0 "[" $1,2 <Index:2> $1,0 "]" $1,2 <ReferenceSpecification:3> ] 
   18 : <VirtualDecl> ::= [c <Names:1> $1,0 ":" $1,0 * $1,0 "<" $1,2 <DisownOpt:2> $1,2 <Merge:3> $1,2 <RestrictionOpt:4> ] 
   19 : <BindingDecl> ::= [c <Names:1> $1,0 ":" $1,0 * $1,0 ":" $1,0 "<" $1,2 <SwapOpt:2> $1,2 <DisownOpt:3> $1,2 <Merge:4> $1,2 <RestrictionOpt:5> ] 
   20 : <FinalDecl> ::= [c <Names:1> $1,0 ":" $1,0 * $1,0 ":" $1,2 <SwapOpt:2> $1,2 <Merge:3> ] 
   21 : <DisownOpt> ::= <Disown:1> 
   22 : <Disown> ::= "-" $1,0 * 
   23 : <SwapOpt> ::= <Swap:1> 
   24 : <Swap> ::= "!" $1,0 * 
   25 : <RestrictionOpt> ::= <RestrictionPart:1> 
   26 : <RestrictionPart> ::= [c ":" $1,0 * $1,0 ">" $1,2 <Restrictions:1> ] 
   27 : <Restrictions> ::= <Restriction> {c "," $1,0 } 
   28 : <Restriction> ::= <AttributeDenotation:1> 
   29 : <VariablePattern> ::= [c "##" $1,0 * $1,2 <AttributeDenotation:1> ] 
   30 : <ReferenceSpecification> ::= <StaticItem:1> 
   31 : <StaticItem> ::= [c "@" $1,0 * $1,2 <Merge:1> ] 
   32 : <VirtualStaticItem> ::= [c "<" $1,0 * $1,2 <DisownOpt:1> $1,0 "@" $1,2 <AttributeDenotation:2> ] 
   33 : <FinalStaticItem> ::= [c ":" $1,0 * $1,0 "@" $1,2 <Merge:1> ] 
   34 : <DynamicItem> ::= [c "^" $1,0 * $1,2 <ExactOpt:1> $1,2 <AttributeDenotation:2> ] 
   35 : <ExactOpt> ::= <Exact:1> 
   36 : <Exact> ::= "=" $1,0 * 
   37 : <StaticComponent> ::= [c "@" $1,0 * $1,0 "|" $1,2 <Merge:1> ] 
   38 : <DynamicComponent> ::= [c "^" $1,0 * $1,0 "|" $1,2 <ExactOpt:1> $1,2 <AttributeDenotation:2> ] 
   39 : <ObjectSpecification> ::= <ObjectDescriptor:1> 
   40 : <Merge> ::= <ObjectSpecification> {c "&" $1,0 } 
   41 : <Index> ::= <SimpleIndex:1> 
   42 : <NamedIndex> ::= [c <NameDcl:1> $1,0 ":" $1,0 * $1,2 <Evaluation:2> ] 
   43 : <ActionPart> ::= [c <EnterPartOpt:1> $1,2 <DoPartOpt:2> $1,2 <ExitPartOpt:3> ] 
   44 : <EnterPartOpt> ::= <EnterPart:1> 
   45 : <DoPartOpt> ::= <DoPart:1> 
   46 : <ExitPartOpt> ::= <ExitPart:1> 
   47 : <EnterPart> ::= [c "enter" $1,0 * $1,2 <Evaluation:1> ] 
   48 : <DoPart> ::= [c "do" $1,0 * $1,2 <Imperatives:1> ] 
   49 : <ExitPart> ::= [c "exit" $1,0 * $1,2 <Evaluation:1> ] 
   50 : <Imperatives> ::= <ImpOpt> {c ";" $1,0 } 
   51 : <ImpOpt> ::= <Imp:1> 
   52 : <Imp> ::= <LabelledImp:1> 
   53 : <LabelledImp> ::= [c <NameDcl:1> $1,0 ":" $1,0 * $1,2 <Imp:2> ] 
   54 : <ForImp> ::= [c "(" $1,0 * $1,0 "for" $1,2 <Index:1> $1,2 <RepDo:2> $1,2 <Imperatives:3> $1,0 "for" $1,0 ")" ] 
   55 : <RepDo> ::= <Rep:1> 
   56 : <Rep> ::= "repeat" $1,0 * 
   57 : <Doit> ::= "do" $1,0 * 
   58 : <WhileImp> ::= [c "(" $1,0 * $1,0 "while" $1,2 <Evaluation:1> $1,2 <RepDo:2> $1,2 <Imperatives:3> $1,0 "while" $1,0 ")" ] 
   59 : <GeneralIfImp> ::= [c "(" $1,0 * $1,0 "if" $1,2 <Evaluation:1> $1,2 <Alternatives:2> $1,2 <ElsePartOpt:3> $1,0 "if" $1,0 ")" ] 
   60 : <SimpleIfImp> ::= [c "(" $1,0 * $1,0 "if" $1,2 <Evaluation:1> $1,0 "then" $1,2 <Imperatives:2> $1,2 <ElsePartOpt:3> $1,0 "if" $1,0 ")" ] 
   61 : <WhenImp> ::= [c "(" $1,0 * $1,0 "when" $1,2 <NameDcl:1> $1,0 ":" $1,2 <AttributeDenotation:2> $1,2 <WhenAlternatives:3> $1,2 <ElsePartOpt:4> $1,0 "when" $1,0 ")" ] 
   62 : <LeaveImp> ::= [c "leave" $1,0 * $1,2 <ScopeSpecOpt:1> ] 
   63 : <RestartImp> ::= [c "restart" $1,0 * $1,2 <ScopeSpecOpt:1> ] 
   64 : <InnerImp> ::= [c "inner" $1,0 * $1,2 <ScopeSpecOpt:1> ] 
   65 : <ScopeSpecOpt> ::= <ScopeSpec:1> 
   66 : <ScopeSpec> ::= <IntegerScopeSpec:1> 
   67 : <IntegerScopeSpec> ::= <IntegerConst:1> 
   68 : <NameAplScopeSpec> ::= <NameApl:1> 
   69 : <SuspendImp> ::= "suspend" $1,0 * 
   70 : <CodeImp> ::= [c "(" $1,0 * $1,0 "code" $1,2 <CodeItems:1> $1,0 "code" $1,0 ")" ] 
   71 : <Alternatives> ::= <Alternative> {c $1,0 } 
   72 : <Alternative> ::= [c <Selections:1> $1,0 "then" $1,0 * $1,2 <Imperatives:2> ] 
   73 : <Selections> ::= <Selection> {c $1,0 } 
   74 : <Selection> ::= <CaseSelection:1> 
   75 : <CaseSelection> ::= [c "//" $1,0 * $1,2 <Evaluation:1> ] 
   76 : <WhenAlternatives> ::= <WhenAlternative> {c $1,0 } 
   77 : <WhenAlternative> ::= [c "//" $1,0 * $1,2 <ExactOpt:1> $1,2 <AttributeDenotation:2> $1,0 "then" $1,2 <Imperatives:3> ] 
   78 : <ElsePartOpt> ::= <ElsePart:1> 
   79 : <ElsePart> ::= [c "else" $1,0 * $1,2 <Imperatives:1> ] 
   80 : <Evaluations> ::= <Evaluation> {c "," $1,0 } 
   81 : <Evaluation> ::= <Expression:1> 
   82 : <AssignmentEvaluation> ::= [c <Evaluation:1> $1,0 "->" $1,0 * $1,2 <Transaction:2> ] 
   83 : <Transaction> ::= <Reference:1> 
   84 : <Reference> ::= <ObjectDenotation:1> 
   85 : <DynamicObjectGeneration> ::= <DynamicItemGeneration:1> 
   86 : <ObjectDenotation> ::= <Merge:1> 
   87 : <ComputedObjectEvaluation> ::= [c <Reference:1> $1,0 "!" $1,0 * ] 
   88 : <ObjectReference> ::= [c <Reference:1> $1,0 "[]" $1,0 * ] 
   89 : <StructureReference> ::= [c <Merge:1> $1,0 "##" $1,0 * ] 
   90 : <EvalList> ::= [c "(" $1,0 * $1,2 <Evaluations:1> $1,0 ")" ] 
   91 : <DynamicItemGeneration> ::= [c "&" $1,0 * $1,2 <Merge:1> ] 
   92 : <DynamicComponentGeneration> ::= [c "&" $1,0 * $1,0 "|" $1,2 <Merge:1> ] 
   93 : <Primitive> ::= [c "tos" $1,0 * $1,2 <SimpleEntry:1> ] 
   94 : <Address> ::= [c "@@" $1,0 * $1,2 <AttributeDenotation:1> ] 
   95 : <AttributeDenotation> ::= <NameApl:1> 
   96 : <Remote> ::= [c <AttributeDenotation:1> $1,0 "." $1,0 * $1,2 <NameApl:2> ] 
   97 : <ComputedRemote> ::= [c "(" $1,0 * $1,2 <Evaluations:1> $1,0 ")" $1,0 "." $1,2 <NameApl:2> ] 
   98 : <Indexed> ::= [c <AttributeDenotation:1> $1,0 "[" $1,0 * $1,2 <Evaluation:2> $1,0 "]" ] 
   99 : <ThisObject> ::= [c "this" $1,0 * $1,0 "(" $1,2 <ScopeSpecOpt:1> $1,0 ")" ] 
  100 : <QualifiedAttrDen> ::= [c <AttributeDenotation:1> $1,0 "(" $1,0 * $1,0 ":" $1,2 <Merge:2> $1,0 ":" $1,0 ")" ] 
  101 : <RemotePrimitive> ::= [c <AttributeDenotation:1> $1,0 ".%" $1,0 * $1,2 <NameApl:2> ] 
  102 : <Expression> ::= <RelationalExp:1> 
  103 : <RelationalExp> ::= <EqExp:1> 
  104 : <SimpleExp> ::= <AddExp:1> 
  105 : <AddExp> ::= <PlusExp:1> 
  106 : <SignedTerm> ::= <UnaryPlusExp:1> 
  107 : <Term> ::= <MulExp:1> 
  108 : <MulExp> ::= <TimesExp:1> 
  109 : <EqExp> ::= [c <Operand1: SimpleExp:1> $1,0 "=" $1,0 * $1,2 <Operand2: SimpleExp:2> ] 
  110 : <LtExp> ::= [c <Operand1: SimpleExp:1> $1,0 "<" $1,0 * $1,2 <Operand2: SimpleExp:2> ] 
  111 : <LeExp> ::= [c <Operand1: SimpleExp:1> $1,0 "<=" $1,0 * $1,2 <Operand2: SimpleExp:2> ] 
  112 : <GtExp> ::= [c <Operand1: SimpleExp:1> $1,0 ">" $1,0 * $1,2 <Operand2: SimpleExp:2> ] 
  113 : <GeExp> ::= [c <Operand1: SimpleExp:1> $1,0 ">=" $1,0 * $1,2 <Operand2: SimpleExp:2> ] 
  114 : <NeExp> ::= [c <Operand1: SimpleExp:1> $1,0 "<>" $1,0 * $1,2 <Operand2: SimpleExp:2> ] 
  115 : <PlusExp> ::= [c <SimpleExp:1> $1,0 "+" $1,0 * $1,2 <Term:2> ] 
  116 : <MinusExp> ::= [c <SimpleExp:1> $1,0 "-" $1,0 * $1,2 <Term:2> ] 
  117 : <OrExp> ::= [c <SimpleExp:1> $1,0 "or" $1,0 * $1,2 <Term:2> ] 
  118 : <XorExp> ::= [c <SimpleExp:1> $1,0 "xor" $1,0 * $1,2 <Term:2> ] 
  119 : <UnaryPlusExp> ::= [c "+" $1,0 * $1,2 <Term:1> ] 
  120 : <UnaryMinusExp> ::= [c "-" $1,0 * $1,2 <Term:1> ] 
  121 : <TimesExp> ::= [c <Term:1> $1,0 "*" $1,0 * $1,2 <Factor:2> ] 
  122 : <RealDivExp> ::= [c <Term:1> $1,0 "/" $1,0 * $1,2 <Factor:2> ] 
  123 : <IntDivExp> ::= [c <Term:1> $1,0 "div" $1,0 * $1,2 <Factor:2> ] 
  124 : <ModExp> ::= [c <Term:1> $1,0 "mod" $1,0 * $1,2 <Factor:2> ] 
  125 : <AndExp> ::= [c <Term:1> $1,0 "and" $1,0 * $1,2 <Factor:2> ] 
  126 : <PrimitiveExp> ::= [c <Term:1> $1,0 "%" $1,0 * $1,2 <NameApl:2> $1,2 <Factor:3> ] 
  127 : <Factor> ::= <TextConst:1> 
  128 : <RepetitionSlice> ::= [c <AttributeDenotation:1> $1,0 "[" $1,0 * $1,2 <Low: Evaluation:2> $1,0 ":" $1,2 <High: Evaluation:3> $1,0 "]" ] 
  129 : <NotExp> ::= [c "not" $1,0 * $1,2 <Factor:1> ] 
  130 : <NoneExp> ::= "none" $1,0 * 
  131 : <UnaryPrimitiveExp> ::= [c "%" $1,0 * $1,2 <NameApl:1> $1,2 <Factor:2> ] 
  132 : <Names> ::= <NameDcl> {c "," $1,0 } 
  133 : <NameDcl> ::= <NameDecl:1> 
  134 : <NameApl> ::= <NameAppl:1> 
  135 : <SimpleEntry> ::= <TextConst:1> 
  136 : <TextConst> ::= <String:1> 
  137 : <IntegerConst> ::= <Const:1> 
  138 : <SimpleIndex> ::= <Evaluation:1> 
  139 : <CodeItems> ::= <CodeItem> {c "," $1,0 } 
  140 : <CodeItem> ::= <CodeString:1> 
  141 : <CodeString> ::= <String:1> 
  142 : <CodeConst> ::= <Const:1> 
  143 : <ErrorDecl> ::= 
  144 : <ErrorImp> ::= 

